../Core/Src/main.c:67:6:cmd_i2c	32	static
../Core/Src/main.c:85:6:data_i2c	32	static
../Core/Src/main.c:102:6:data	16	static
../Core/Src/main.c:121:10:decToBcd	16	static
../Core/Src/main.c:117:5:main	16	static
../Core/Src/main.c:126:6:bcdToDec	16	static
../Core/Src/main.c:131:7:Set_Time	48	static
../Core/Src/main.c:140:7:Get_Time	48	static
../Core/Src/main.c:212:6:SystemClock_Config	88	static
../Core/Src/main.c:259:13:MX_I2C1_Init	8	static
../Core/Src/main.c:293:13:MX_I2C2_Init	8	static
../Core/Src/main.c:327:13:MX_GPIO_Init	16	static
../Core/Src/main.c:347:6:Error_Handler	4	static,ignoring_inline_asm
